// Jest Snapshot v1, https://goo.gl/fbAQLP

exports[`Placeholder tests will not include duplicates in {{all_personalities}} 1`] = `
Object {
  "inserts": Map {},
  "length": undefined,
  "linesAddedCount": 0,
  "parsed": "OtherBot replies a lot

MainChar's personality: MainCharacter talks a lot",
  "sections": Object {
    "done": true,
    "flags": Object {},
    "sections": Object {
      "history": Array [],
      "post": Array [],
      "system": Array [
        "OtherBot replies a lot",
        "

",
        "MainChar's personality: MainCharacter talks a lot",
      ],
    },
  },
}
`;
